
Sembrando la vitrina pública contra http://localhost:3031

· Entrando como administrador de arranque…
· Sembrando 15 profesionales con vitrina, trayectoria completa y 4 publicaciones cada uno…
    1/15  Marisol Quispe — 7/7 etapas de trayectoria
    2/15  Ramiro Mamani — 6/6 etapas de trayectoria
    3/15  Lucía Salas — 7/7 etapas de trayectoria
    4/15  Diego Rivas — 5/5 etapas de trayectoria
    5/15  Verónica Aliaga — 6/6 etapas de trayectoria
    6/15  Jorge Terceros — 7/7 etapas de trayectoria
    7/15  Patricia Vargas — 6/6 etapas de trayectoria
    8/15  Andrés Colque — 6/6 etapas de trayectoria
    9/15  Silvia Rojas — 7/7 etapas de trayectoria
    10/15  Fernando Peña — 6/6 etapas de trayectoria
    11/15  Gabriela Ortuño — 7/7 etapas de trayectoria
    12/15  Óscar Villarroel — 6/6 etapas de trayectoria
    13/15  Carla Ibáñez — 6/6 etapas de trayectoria
    14/15  Rodrigo Mendoza — 6/6 etapas de trayectoria
    15/15  Elena Chuquimia — 6/6 etapas de trayectoria
· Sembrando 16 cuentas de vecino que van a comentar y reaccionar…
· Sembrando la interacción sobre 60 publicaciones (2 comentarios y 5+ reacciones cada una)…
· Sembrando 7 organizaciones (clínicas, laboratorios y farmacias)…

─── Cuentas de profesional (entran con el correo) ───
  marisol.quispe.hshwl0@alovida.test   Cardiología · La Paz   ficha: /p/marisol-quispe-hshwl0
  ramiro.mamani.hshwl1@alovida.test   Pediatría · El Alto   ficha: /p/ramiro-mamani-hshwl1
  lucia.salas.hshwl2@alovida.test   Medicina interna · Cochabamba   ficha: /p/lucia-salas-hshwl2
  diego.rivas.hshwl3@alovida.test   Medicina general · Santa Cruz de la Sierra   ficha: /p/diego-rivas-hshwl3
  veronica.aliaga.hshwl4@alovida.test   Ginecología y obstetricia · La Paz   ficha: /p/veronica-aliaga-hshwl4
  jorge.terceros.hshwl5@alovida.test   Traumatología y ortopedia · Santa Cruz de la Sierra   ficha: /p/jorge-terceros-hshwl5
  patricia.vargas.hshwl6@alovida.test   Dermatología · Cochabamba   ficha: /p/patricia-vargas-hshwl6
  andres.colque.hshwl7@alovida.test   Psiquiatría y salud mental · La Paz   ficha: /p/andres-colque-hshwl7
  silvia.rojas.hshwl8@alovida.test   Endocrinología · Sucre   ficha: /p/silvia-rojas-hshwl8
  fernando.pena.hshwl9@alovida.test   Oftalmología · Tarija   ficha: /p/fernando-pena-hshwl9
  gabriela.ortuno.hshwl10@alovida.test   Neurología · Cochabamba   ficha: /p/gabriela-ortuno-hshwl10
  oscar.villarroel.hshwl11@alovida.test   Gastroenterología · La Paz   ficha: /p/oscar-villarroel-hshwl11
  carla.ibanez.hshwl12@alovida.test   Neumología · Santa Cruz de la Sierra   ficha: /p/carla-ibanez-hshwl12
  rodrigo.mendoza.hshwl13@alovida.test   Medicina de Emergencia · El Alto   ficha: /p/rodrigo-mendoza-hshwl13
  elena.chuquimia.hshwl14@alovida.test   Nutrición y Dietética · La Paz   ficha: /p/elena-chuquimia-hshwl14

─── Cuentas de vecino (entran con el documento) ───
  CI 4821337wl   Rosario Choque · La Paz   (rosario.choque.hshwl0@alovida.test)
  CI 6720914wl   Juan Carlos Flores · El Alto   (juan-carlos.flores.hshwl1@alovida.test)
  CI 5109882wl   Mariela Sejas · Cochabamba   (mariela.sejas.hshwl2@alovida.test)
  CI 7734025wl   Álvaro Justiniano · Santa Cruz de la Sierra   (alvaro.justiniano.hshwl3@alovida.test)
  CI 3998471wl   Nancy Callisaya · La Paz   (nancy.callisaya.hshwl4@alovida.test)
  CI 8102336wl   Wilson Guzmán · Sucre   (wilson.guzman.hshwl5@alovida.test)
  CI 6541209wl   Fabiola Encinas · Tarija   (fabiola.encinas.hshwl6@alovida.test)
  CI 5233718wl   Freddy Condori · El Alto   (freddy.condori.hshwl7@alovida.test)
  CI 7009645wl   Karina Montaño · Santa Cruz de la Sierra   (karina.montano.hshwl8@alovida.test)
  CI 4470182wl   Ernesto Quiroga · Cochabamba   (ernesto.quiroga.hshwl9@alovida.test)
  CI 6180553wl   Lourdes Ayaviri · La Paz   (lourdes.ayaviri.hshwl10@alovida.test)
  CI 7856430wl   Marco Antonio Zeballos · Santa Cruz de la Sierra   (marco-antonio.zeballos.hshwl11@alovida.test)
  CI 3721996wl   Elsa Poma · El Alto   (elsa.poma.hshwl12@alovida.test)
  CI 8298107wl   Rodrigo Salvatierra · Tarija   (rodrigo.salvatierra.hshwl13@alovida.test)
  CI 7412668wl   Vania Padilla · Sucre   (vania.padilla.hshwl14@alovida.test)
  CI 5680341wl   Grover Cussi · La Paz   (grover.cussi.hshwl15@alovida.test)

  Contraseña de todas: D3mo-passw0rd!

  15 profesionales (15 con especialidad, 15 con foto, 15 con portada, 94 etapas de trayectoria en total)
  60 publicaciones (60 con imagen) · 120 comentarios + 20 respuestas del autor · 406 reacciones
  16 vecinos con cuenta propia · 7/7 organizaciones verificadas y ubicadas en el mapa
  Detalle de la corrida: /home/pablo/Documents/GitHub/ALOVIDA/mantra-core-health-api/output.seed-vitrina.json
EXIT=0
