[generate-env] src/environments/env.generated.ts · PUBLIC_API_BASE_URL=(vacío)
✓ src/app/features/component-stock/component-index.generated.ts
  615 componentes · 3 otros · 365 pantallas · 138 maquetas · 23 atomos · 48 moleculas · 38 organismos
  208 con algo que mirar
  relaciones: 2744 template-instantiates · 5 imports-available sin instanciar · 68 type-only · 233 dynamic-loads
  nivel: 0 declarado · 615 por-ruta · 5 unresolvedEvidence en 5 componentes
  acreditación: descubiertos 615/615 · con escenario 3/615 · verificados visualmente 0/615 · bloqueados 82/615 · montó e interactuó: se miden en el banco (runtime)
The "prerender" option is not considered when "outputMode" is specified.
❯ Building...
✔ Building...
Browser bundles     
Initial chunk files  | Names                            |  Raw size | Estimated transfer size
chunk-XWE5PPG5.js    | -                                | 192.15 kB |                57.34 kB
styles-ZNX5SMOT.css  | styles                           | 137.70 kB |                20.07 kB
chunk-2GSI2GKX.js    | -                                |  94.14 kB |                23.79 kB
main-ZAOHE2VL.js     | main                             |  84.76 kB |                18.47 kB
chunk-5IOPB52Y.js    | -                                |  64.51 kB |                17.56 kB
chunk-F2NPNJRU.js    | -                                |  40.76 kB |                 8.48 kB
chunk-J3XQUO25.js    | -                                |  38.47 kB |                11.34 kB
chunk-A73KL5XZ.js    | -                                |  33.96 kB |                 9.87 kB
chunk-M57QLCHM.js    | -                                |  28.32 kB |                 8.57 kB
chunk-ETTOPJSJ.js    | -                                |  26.20 kB |                 5.09 kB
chunk-7DLJNVVJ.js    | -                                |  25.45 kB |                 7.89 kB
chunk-QALU5XLW.js    | -                                |  25.29 kB |                 5.32 kB
chunk-JGJQY2SU.js    | -                                |  20.07 kB |                 4.56 kB
chunk-TBPYZOOM.js    | -                                |  19.25 kB |                 5.83 kB
chunk-HELKBSLC.js    | -                                |  16.61 kB |                 4.46 kB
chunk-DVIYVLNA.js    | -                                |  14.68 kB |                 4.73 kB
chunk-GHT5LDS5.js    | -                                |  14.37 kB |                 2.90 kB
chunk-7BGR44RV.js    | -                                |  14.13 kB |                 4.02 kB
chunk-X3GCGRTV.js    | -                                |  13.78 kB |                 4.74 kB
chunk-C2HLUGTZ.js    | -                                |  13.24 kB |                 2.72 kB
chunk-T432KBY5.js    | -                                |  13.04 kB |                 3.62 kB
chunk-PB6B2VLM.js    | -                                |  13.03 kB |                 4.05 kB
chunk-ZGMTFXW3.js    | -                                |  12.51 kB |                 3.43 kB
chunk-VXQL74H5.js    | -                                |  12.39 kB |                 2.37 kB
chunk-4DMRFEXV.js    | -                                |  11.87 kB |                 3.66 kB
chunk-K7XH5GLF.js    | -                                |   9.99 kB |                 3.11 kB
chunk-ILNAAGS5.js    | -                                |   9.93 kB |                 2.90 kB
chunk-3ZFKLB5E.js    | -                                |   9.78 kB |                 2.71 kB
chunk-DQV5VVHL.js    | -                                |   9.37 kB |                 2.51 kB
chunk-OLCGOVCD.js    | -                                |   9.16 kB |                 2.05 kB
chunk-JWG5FT62.js    | -                                |   9.08 kB |                 3.09 kB
chunk-ZBDDMJ26.js    | -                                |   8.85 kB |                 2.51 kB
chunk-PY5CGIKS.js    | -                                |   8.72 kB |                 2.60 kB
chunk-NWDKLB4P.js    | -                                |   8.31 kB |                 3.00 kB
chunk-ELV2SM7B.js    | -                                |   7.87 kB |                 2.50 kB
chunk-VFAVYXTW.js    | -                                |   7.75 kB |                 2.49 kB
chunk-VUZO655Z.js    | -                                |   7.72 kB |                 2.49 kB
chunk-E3VKYH7A.js    | -                                |   7.33 kB |                 1.67 kB
chunk-B3UERJL3.js    | -                                |   7.25 kB |                 2.16 kB
chunk-RQBNQSG4.js    | -                                |   7.22 kB |                 2.67 kB
chunk-KK2TROIQ.js    | -                                |   6.54 kB |                 2.31 kB
chunk-GR3C6POU.js    | -                                |   6.21 kB |                 2.17 kB
chunk-OQR5BA5Z.js    | -                                |   6.18 kB |                 2.03 kB
chunk-5CWDJGSY.js    | -                                |   6.08 kB |                 1.85 kB
chunk-T54E5XK2.js    | -                                |   6.03 kB |                 2.21 kB
chunk-32IL4X5N.js    | -                                |   5.92 kB |                 2.19 kB
chunk-BRFF7BAD.js    | -                                |   5.79 kB |                 1.87 kB
chunk-MR2F7NAR.js    | -                                |   5.68 kB |                 2.17 kB
chunk-7YDJYGJU.js    | -                                |   5.58 kB |                 1.84 kB
chunk-NHCWOUP5.js    | -                                |   5.55 kB |                 1.80 kB
chunk-POY7O2B2.js    | -                                |   5.26 kB |                 1.58 kB
chunk-H2RZCHO5.js    | -                                |   5.21 kB |                 1.68 kB
chunk-XKQJOA2R.js    | -                                |   5.21 kB |                 1.73 kB
chunk-BHZZXJ4K.js    | -                                |   4.97 kB |                 1.89 kB
chunk-TFD7AMYY.js    | -                                |   4.83 kB |                 1.85 kB
chunk-4USV3LRY.js    | -                                |   4.79 kB |                 1.96 kB
chunk-PPMQJ6HG.js    | -                                |   4.61 kB |                 1.63 kB
chunk-VGNT3RAH.js    | -                                |   4.54 kB |                 1.49 kB
chunk-INMC24S2.js    | -                                |   4.46 kB |                 1.64 kB
chunk-EENRNA2Q.js    | -                                |   4.45 kB |                 1.66 kB
chunk-PH67LJK7.js    | -                                |   4.43 kB |                 1.46 kB
chunk-5UCSEBIZ.js    | -                                |   4.42 kB |                 1.62 kB
chunk-5YSEK3BL.js    | -                                |   4.39 kB |                 1.61 kB
chunk-PIFG5AWB.js    | -                                |   4.31 kB |                 1.21 kB
chunk-YXLHHIEK.js    | -                                |   4.22 kB |                 1.68 kB
chunk-ULUS7GX7.js    | -                                |   4.16 kB |                 1.16 kB
chunk-HA7MGVR5.js    | -                                |   4.00 kB |                 1.42 kB
chunk-BZMOC4LC.js    | -                                |   3.97 kB |                 1.45 kB
chunk-DSX2QNLX.js    | -                                |   3.96 kB |                 1.25 kB
chunk-V5K2QAH5.js    | -                                |   3.94 kB |                 1.31 kB
chunk-C5PHDABH.js    | -                                |   3.87 kB |                 1.45 kB
chunk-BDS5GLNC.js    | -                                |   3.87 kB |                 1.36 kB
chunk-73MJKTUX.js    | -                                |   3.78 kB |                 1.35 kB
chunk-JTECUJIU.js    | -                                |   3.64 kB |                 1.52 kB
chunk-2UYXOUJA.js    | -                                |   3.62 kB |                 1.31 kB
chunk-37KYEZX3.js    | -                                |   3.60 kB |                 1.32 kB
chunk-VXGEB7UU.js    | -                                |   3.54 kB |               804 bytes
chunk-OQS5LIZE.js    | -                                |   3.53 kB |                 1.19 kB
chunk-ZOTO7VKG.js    | -                                |   3.50 kB |                 1.24 kB
chunk-RH3BWZML.js    | -                                |   3.37 kB |                 1.41 kB
chunk-5CG6UJNA.js    | -                                |   3.21 kB |                 1.15 kB
chunk-KZG343BV.js    | -                                |   2.92 kB |                 1.28 kB
chunk-IK3S4HSN.js    | -                                |   2.86 kB |                 1.15 kB
chunk-TTCXLKH2.js    | -                                |   2.59 kB |                 1.14 kB
chunk-FJEJV4MG.js    | -                                |   2.52 kB |                 1.10 kB
chunk-CWJOBUJK.js    | -                                |   2.51 kB |                 1.08 kB
chunk-BBHIZQLZ.js    | -                                |   2.35 kB |               887 bytes
chunk-PI4ZSTEA.js    | -                                |   2.31 kB |               961 bytes
chunk-QAYAPGNY.js    | -                                |   2.25 kB |               921 bytes
chunk-L5W3CD6E.js    | -                                |   2.24 kB |                 1.00 kB
chunk-OLPUAJUT.js    | -                                |   2.13 kB |               890 bytes
chunk-XP6M4IG3.js    | -                                |   2.10 kB |               914 bytes
chunk-WQ764IJM.js    | -                                |   2.01 kB |               841 bytes
chunk-UOFM655Q.js    | -                                |   1.93 kB |               793 bytes
chunk-2JFBRABQ.js    | -                                |   1.81 kB |               755 bytes
chunk-4BBBS6ZF.js    | -                                |   1.78 kB |               851 bytes
chunk-HV35XYVV.js    | -                                |   1.76 kB |               605 bytes
chunk-JQSRW7OP.js    | -                                |   1.74 kB |               786 bytes
chunk-OG647OP3.js    | -                                |   1.71 kB |               637 bytes
chunk-FIHBEBI6.js    | -                                |   1.67 kB |               641 bytes
chunk-RAD2JUWE.js    | -                                |   1.66 kB |               713 bytes
chunk-OU42JOC6.js    | -                                |   1.66 kB |               640 bytes
chunk-WPDFNVVC.js    | -                                |   1.64 kB |               637 bytes
chunk-OA2OWQ5Q.js    | -                                |   1.53 kB |               662 bytes
chunk-USIYCLUU.js    | -                                |   1.52 kB |               649 bytes
chunk-B7RVNZ7R.js    | -                                |   1.47 kB |               680 bytes
chunk-KHP3RBFR.js    | -                                |   1.41 kB |               655 bytes
chunk-UJ2JTNTA.js    | -                                |   1.41 kB |               637 bytes
chunk-NACXB7DM.js    | -                                |   1.38 kB |               571 bytes
chunk-HQJIIWYG.js    | -                                |   1.33 kB |               522 bytes
chunk-ZQKY4YP5.js    | -                                |   1.22 kB |               424 bytes
chunk-ZW5NV4UO.js    | -                                |   1.20 kB |               518 bytes
chunk-2UX6MEAU.js    | -                                |   1.10 kB |               547 bytes
chunk-5BDI3H4C.js    | -                                |   1.07 kB |               480 bytes
chunk-X2B3HWP5.js    | -                                |   1.06 kB |               495 bytes
chunk-T27NO5WN.js    | -                                | 947 bytes |               947 bytes
chunk-K5RR47LJ.js    | -                                | 931 bytes |               931 bytes
chunk-VZSYXWYA.js    | -                                | 859 bytes |               859 bytes
chunk-YA6O2EI6.js    | -                                | 792 bytes |               792 bytes
chunk-VMHMLOJA.js    | -                                | 777 bytes |               777 bytes
chunk-CDHNEF6N.js    | -                                | 735 bytes |               735 bytes
chunk-WADPBBBY.js    | -                                | 708 bytes |               708 bytes
chunk-OFFKMDQ2.js    | -                                | 684 bytes |               684 bytes
chunk-3YP2YVSU.js    | -                                | 666 bytes |               666 bytes
chunk-NBKZVOEQ.js    | -                                | 646 bytes |               646 bytes
chunk-TPJPRESO.js    | -                                | 569 bytes |               569 bytes
chunk-GMDRJ366.js    | -                                | 566 bytes |               566 bytes
chunk-KRYC2T5T.js    | -                                | 565 bytes |               565 bytes
chunk-2OSMN4PO.js    | -                                | 450 bytes |               450 bytes
chunk-IUBFAPEG.js    | -                                | 440 bytes |               440 bytes
chunk-BJE5XT47.js    | -                                | 366 bytes |               366 bytes
chunk-LOUZYSRU.js    | -                                | 361 bytes |               361 bytes
chunk-6JMBBSDC.js    | -                                | 359 bytes |               359 bytes
chunk-M33TTEXN.js    | -                                | 344 bytes |               344 bytes
chunk-NYTDSELT.js    | -                                | 314 bytes |               314 bytes
chunk-OMLKODRI.js    | -                                | 259 bytes |               259 bytes
chunk-OE52LWJ7.js    | -                                | 176 bytes |               176 bytes
chunk-TBGLYOJU.js    | -                                | 153 bytes |               153 bytes
chunk-JFJ4VDC7.js    | -                                | 143 bytes |               143 bytes
chunk-7HHQWJ5Z.js    | -                                | 131 bytes |               131 bytes
chunk-ISSUJKYU.js    | -                                | 121 bytes |               121 bytes
chunk-HDZRTEBD.js    | -                                |  69 bytes |                69 bytes
chunk-VHUO5GYZ.js    | -                                |  56 bytes |                56 bytes
chunk-PI4FSWS4.js    | -                                |  51 bytes |                51 bytes
chunk-BYXBJQAS.js    | -                                |   0 bytes |                 0 bytes

                     | Initial total                    |   1.37 MB |               388.46 kB

Lazy chunk files     | Names                            |  Raw size | Estimated transfer size
chunk-R3C52J5B.js    | index                            |   3.07 MB |               367.11 kB
chunk-LVKE4GHM.js    | -                                | 919.53 kB |               207.77 kB
chunk-XTW2N7EL.js    | component-stock                  | 810.07 kB |                80.83 kB
chunk-VMQYV22Y.js    | axe                              | 594.55 kB |               136.31 kB
chunk-FWMMDP6O.js    | pdf                              | 432.96 kB |               108.13 kB
chunk-BHLPVOSW.js    | -                                | 428.26 kB |               118.72 kB
chunk-TRXCGLTW.js    | universidades-por-pais-generated | 352.43 kB |                71.98 kB
chunk-6JPQBS4E.js    | html2canvas                      | 202.84 kB |                38.57 kB
chunk-QZ6254RN.js    | index-es                         | 159.05 kB |                46.94 kB
chunk-JJTE2L3G.js    | leaflet-src                      | 149.55 kB |                37.66 kB
chunk-6P2FHFSB.js    | -                                | 130.72 kB |                28.69 kB
chunk-WXPSJ5CX.js    | practitioner-profile-edit        | 105.77 kB |                21.55 kB
chunk-SE7YS4NX.js    | bolivia-municipalities-geometry  | 102.21 kB |                27.95 kB
chunk-ZJ3MWGJN.js    | -                                |  92.75 kB |                11.99 kB
chunk-22M3NHEX.js    | register-practitioner            |  80.60 kB |                18.01 kB
...and 959 more lazy chunks files. Use "--verbose" to show all the files.


Server bundles      
Initial chunk files  | Names                            |  Raw size
server.mjs           | server                           | 892.12 kB |                        
main.server.mjs      | main.server                      | 526.79 kB |                        
polyfills.server.mjs | polyfills.server                 | 233.65 kB |                        
chunk-SUUJBIC6.mjs   | -                                | 195.51 kB |                        
chunk-KZQM5WWY.mjs   | -                                | 134.49 kB |                        
chunk-NJJDTBX5.mjs   | -                                |  94.39 kB |                        
chunk-GRAIDHO3.mjs   | -                                |  40.79 kB |                        
chunk-HYFYKAGW.mjs   | -                                |  38.51 kB |                        
chunk-24CACBVA.mjs   | -                                |  34.02 kB |                        
chunk-UQNIOL5I.mjs   | -                                |  27.37 kB |                        
chunk-2ZVM2C4F.mjs   | -                                |  26.24 kB |                        
chunk-P4WIU2V3.mjs   | -                                |  26.16 kB |                        
chunk-GO7LF2Z3.mjs   | -                                |  25.33 kB |                        
chunk-ERK36RA6.mjs   | -                                |  20.11 kB |                        
chunk-XHIXT73R.mjs   | -                                |  19.30 kB |                        
chunk-WEOIIHEI.mjs   | -                                |  16.64 kB |                        
chunk-ESJYATS4.mjs   | -                                |  15.51 kB |                        
chunk-JG3ZLPVO.mjs   | -                                |  15.17 kB |                        
chunk-JSNUVII4.mjs   | -                                |  14.70 kB |                        
chunk-H3YYIDPI.mjs   | -                                |  14.40 kB |                        
chunk-6XHL6SS3.mjs   | -                                |  14.18 kB |                        
chunk-MXSCLTBH.mjs   | -                                |  13.83 kB |                        
chunk-GA6HFLZV.mjs   | -                                |  13.28 kB |                        
chunk-BAK5S45T.mjs   | -                                |  13.08 kB |                        
chunk-AVCNGWK2.mjs   | -                                |  12.55 kB |                        
chunk-YRQOE6IZ.mjs   | -                                |  12.43 kB |                        
chunk-DC6X6VQR.mjs   | -                                |  11.90 kB |                        
chunk-WVTGCQVC.mjs   | -                                |  10.04 kB |                        
chunk-KW7MTDPE.mjs   | -                                |   9.97 kB |                        
chunk-RYJEXBRH.mjs   | -                                |   9.81 kB |                        
chunk-DYFST2GM.mjs   | -                                |   9.40 kB |                        
chunk-3YXWGISH.mjs   | -                                |   9.20 kB |                        
chunk-SPAKQQ66.mjs   | -                                |   9.12 kB |                        
chunk-IFO44GSI.mjs   | -                                |   8.88 kB |                        
chunk-C3CKF7DH.mjs   | -                                |   8.75 kB |                        
chunk-BM6OWSOR.mjs   | -                                |   8.37 kB |                        
chunk-DWMUQ3WO.mjs   | -                                |   7.91 kB |                        
chunk-FN4UMBKT.mjs   | -                                |   7.79 kB |                        
chunk-S7JL2P3D.mjs   | -                                |   7.76 kB |                        
chunk-NKIRL2IN.mjs   | -                                |   7.36 kB |                        
chunk-WBHYYDMF.mjs   | -                                |   7.29 kB |                        
chunk-5TBUZZJ6.mjs   | -                                |   7.27 kB |                        
chunk-MKGMVG2Z.mjs   | -                                |   6.58 kB |                        
chunk-BRIHKW2R.mjs   | -                                |   6.24 kB |                        
chunk-5QCHGI6L.mjs   | -                                |   6.22 kB |                        
chunk-G4MAN2II.mjs   | -                                |   6.12 kB |                        
chunk-6ZCG6625.mjs   | -                                |   6.08 kB |                        
chunk-HBQPXWRW.mjs   | -                                |   5.97 kB |                        
chunk-IDPWWKIL.mjs   | -                                |   5.83 kB |                        
chunk-CSPIOT24.mjs   | -                                |   5.72 kB |                        
chunk-MVBTGSCV.mjs   | -                                |   5.61 kB |                        
chunk-K42462CV.mjs   | -                                |   5.58 kB |                        
chunk-QIOGGTVK.mjs   | -                                |   5.29 kB |                        
chunk-AJJVA5NX.mjs   | -                                |   5.25 kB |                        
chunk-JWLQJQB2.mjs   | -                                |   5.24 kB |                        
chunk-KV4ZATVK.mjs   | -                                |   5.02 kB |                        
chunk-RRCA2GX2.mjs   | -                                |   4.87 kB |                        
chunk-EW4PYJL6.mjs   | -                                |   4.80 kB |                        
chunk-F3QSUW6H.mjs   | -                                |   4.65 kB |                        
chunk-2FH72VAK.mjs   | -                                |   4.58 kB |                        
chunk-5EEBGF2Q.mjs   | -                                |   4.50 kB |                        
chunk-HU3CMXIG.mjs   | -                                |   4.49 kB |                        
chunk-CD4IVU4Q.mjs   | -                                |   4.46 kB |                        
chunk-NNIEYZEQ.mjs   | -                                |   4.46 kB |                        
chunk-WNIZ7OMX.mjs   | -                                |   4.43 kB |                        
chunk-KSYTJLG3.mjs   | -                                |   4.34 kB |                        
chunk-4YZMYXQZ.mjs   | -                                |   4.26 kB |                        
chunk-DNZOS4P6.mjs   | -                                |   4.20 kB |                        
chunk-DBMKU6RV.mjs   | -                                |   4.03 kB |                        
chunk-7WKPN24Q.mjs   | -                                |   4.00 kB |                        
chunk-QWESKNLF.mjs   | -                                |   3.99 kB |                        
chunk-R4IZAIWD.mjs   | -                                |   3.97 kB |                        
chunk-BOOVMR5R.mjs   | -                                |   3.91 kB |                        
chunk-36XOU2VQ.mjs   | -                                |   3.91 kB |                        
chunk-BT57NQJH.mjs   | -                                |   3.82 kB |                        
chunk-FQEI2OPH.mjs   | -                                |   3.65 kB |                        
chunk-KXKKZPSE.mjs   | -                                |   3.64 kB |                        
chunk-QJUPUGIW.mjs   | -                                |   3.58 kB |                        
chunk-CNIM56HZ.mjs   | -                                |   3.56 kB |                        
chunk-CWA5HVSC.mjs   | -                                |   3.53 kB |                        
chunk-CJCKTBQV.mjs   | -                                |   3.41 kB |                        
chunk-ZOJFPHM4.mjs   | -                                |   3.25 kB |                        
chunk-5VD2MGZM.mjs   | -                                |   2.96 kB |                        
chunk-3TITBHXJ.mjs   | -                                |   2.87 kB |                        
chunk-CHFOSUSJ.mjs   | -                                |   2.62 kB |                        
chunk-6ME5WM35.mjs   | -                                |   2.56 kB |                        
chunk-PML2SCSA.mjs   | -                                |   2.55 kB |                        
chunk-6WQPFHT4.mjs   | -                                |   2.39 kB |                        
chunk-KGS76573.mjs   | -                                |   2.34 kB |                        
chunk-VBITCG6D.mjs   | -                                |   2.29 kB |                        
chunk-ZOFIKZ6Q.mjs   | -                                |   2.28 kB |                        
chunk-N4EFXEFP.mjs   | -                                |   2.16 kB |                        
chunk-CRGYIOFT.mjs   | -                                |   2.14 kB |                        
chunk-VNUWP5BE.mjs   | -                                |   2.05 kB |                        
chunk-BWIUQYOX.mjs   | -                                |   1.97 kB |                        
chunk-YAPC645G.mjs   | -                                |   1.84 kB |                        
chunk-RULOB3L6.mjs   | -                                |   1.81 kB |                        
chunk-UMLHOMPJ.mjs   | -                                |   1.79 kB |                        
chunk-LLCG3CYY.mjs   | -                                |   1.77 kB |                        
chunk-GQXGTYP4.mjs   | -                                |   1.75 kB |                        
chunk-PFTP7IW3.mjs   | -                                |   1.71 kB |                        
chunk-32MECDUQ.mjs   | -                                |   1.70 kB |                        
chunk-KWNFZG5Q.mjs   | -                                |   1.69 kB |                        
chunk-CL5RUF5P.mjs   | -                                |   1.69 kB |                        
chunk-DG6QF5JN.mjs   | -                                |   1.68 kB |                        
chunk-HX74WH6K.mjs   | -                                |   1.63 kB |                        
chunk-JRY6YMEP.mjs   | -                                |   1.57 kB |                        
chunk-HDN3TQ4W.mjs   | -                                |   1.55 kB |                        
chunk-BO4O5NUO.mjs   | -                                |   1.50 kB |                        
chunk-IOV4K7C3.mjs   | -                                |   1.45 kB |                        
chunk-T2QTIMVO.mjs   | -                                |   1.45 kB |                        
chunk-AALYASSR.mjs   | -                                |   1.41 kB |                        
chunk-GPRAH2II.mjs   | -                                |   1.36 kB |                        
chunk-CMOWT6M4.mjs   | -                                |   1.25 kB |                        
chunk-2KQMNLGR.mjs   | -                                |   1.14 kB |                        
chunk-3G65PA7J.mjs   | -                                |   1.10 kB |                        
chunk-TUNK7AU7.mjs   | -                                |   1.10 kB |                        
chunk-B3AGWPPZ.mjs   | -                                | 980 bytes |                        
chunk-2XURZZLJ.mjs   | -                                | 973 bytes |                        
chunk-XLPH2DCC.mjs   | -                                | 892 bytes |                        
chunk-5AOYZXSK.mjs   | -                                | 828 bytes |                        
chunk-L22LKHET.mjs   | -                                | 811 bytes |                        
chunk-L3CDTGEU.mjs   | -                                | 770 bytes |                        
chunk-D6HLJEJA.mjs   | -                                | 743 bytes |                        
chunk-WY5HKZ7E.mjs   | -                                | 717 bytes |                        
chunk-QNQSYHAZ.mjs   | -                                | 679 bytes |                        
chunk-6HKRWVJB.mjs   | -                                | 603 bytes |                        
chunk-KFJOLGER.mjs   | -                                | 600 bytes |                        
chunk-HGVLWT2S.mjs   | -                                | 599 bytes |                        
chunk-5T7TQ4E2.mjs   | -                                | 484 bytes |                        
chunk-RRFX6FHH.mjs   | -                                | 473 bytes |                        
chunk-JXORTD5Y.mjs   | -                                | 399 bytes |                        
chunk-VYUOFONF.mjs   | -                                | 396 bytes |                        
chunk-VJUFIHMH.mjs   | -                                | 392 bytes |                        
chunk-6U4I7CAD.mjs   | -                                | 378 bytes |                        
chunk-OOOZD3V6.mjs   | -                                | 348 bytes |                        
chunk-EKQ7UOC6.mjs   | -                                | 293 bytes |                        
chunk-WGSL2WCM.mjs   | -                                | 209 bytes |                        
chunk-FBY3CE6O.mjs   | -                                | 186 bytes |                        
chunk-CLRGBW4E.mjs   | -                                | 177 bytes |                        
chunk-7G6DEEJY.mjs   | -                                | 165 bytes |                        
chunk-74YZ2UM7.mjs   | -                                | 154 bytes |                        
chunk-XUM5XNBL.mjs   | -                                | 103 bytes |                        
chunk-7ADBLUVH.mjs   | -                                |  89 bytes |                        
chunk-MVGDOHOA.mjs   | -                                |  84 bytes |                        
chunk-DPLNUI4A.mjs   | -                                |  33 bytes |                        

Lazy chunk files     | Names                            |  Raw size
chunk-S2P6ZLNA.mjs   | index                            |   3.07 MB |                        
chunk-NMWNB3E6.mjs   | -                                | 924.19 kB |                        
chunk-NAKKXTQF.mjs   | -                                | 919.56 kB |                        
chunk-IB2ENN2L.mjs   | component-stock                  | 810.75 kB |                        
chunk-DI2ZTFW3.mjs   | axe                              | 594.58 kB |                        
chunk-C3G3MCSY.mjs   | pdf                              | 432.99 kB |                        
chunk-AKL5WHGA.mjs   | universidades-por-pais-generated | 352.46 kB |                        
chunk-KA6ZR6XP.mjs   | leaflet-src                      | 149.58 kB |                        
chunk-X4B6ZNZD.mjs   | -                                | 130.76 kB |                        
chunk-REOBMWGJ.mjs   | practitioner-profile-edit        | 105.87 kB |                        
chunk-LRPDNMCF.mjs   | bolivia-municipalities-geometry  | 102.24 kB |                        
chunk-UCXN2E6D.mjs   | -                                |  92.79 kB |                        
chunk-BM3S4I2C.mjs   | register-practitioner            |  80.71 kB |                        
chunk-M6LB7JKO.mjs   | -                                |  73.77 kB |                        
chunk-VVOYXLNW.mjs   | design-system-sample             |  71.32 kB |                        
...and 962 more lazy chunks files. Use "--verbose" to show all the files.

Prerendered 5 static routes.
Application bundle generation complete. [169.088 seconds] - 2026-10-03T16:59:33.019Z

▲ [WARNING] NG8113: Alert is not used within the template of MedicalArticles [plugin angular-compiler]

    src/app/features/account/my-profile/medical-articles/medical-articles.ts:93:4:
      93 │     Alert,
         ╵     ~~~~~


▲ [WARNING] NG8113: RouterLink is not used within the template of MedicalArticles [plugin angular-compiler]

    src/app/features/account/my-profile/medical-articles/medical-articles.ts:105:4:
      105 │     RouterLink,
          ╵     ~~~~~~~~~~


▲ [WARNING] NG8113: AppButtonLink is not used within the template of Questionnaires [plugin angular-compiler]

    src/app/features/account/questionnaires/questionnaires.ts:88:4:
      88 │     AppButtonLink,
         ╵     ~~~~~~~~~~~~~


▲ [WARNING] NG8113: Link is not used within the template of Groups [plugin angular-compiler]

    src/app/features/groups/groups.ts:59:4:
      59 │     Link,
         ╵     ~~~~


▲ [WARNING] NG8113: AppButtonLink is not used within the template of SurveysHome [plugin angular-compiler]

    src/app/features/questionnaires/questionnaires.ts:132:4:
      132 │     AppButtonLink,
          ╵     ~~~~~~~~~~~~~


▲ [WARNING] NG8113: Card is not used within the template of SymptomCheck [plugin angular-compiler]

    src/app/features/symptom-check/symptom-check.ts:120:39:
      120 │ ... [Alert, AppButton, BodyMap, Card, Chip, FormField, RouterLink...
          ╵                                 ~~~~


▲ [WARNING] NG8113: RouterLink is not used within the template of SymptomCheck [plugin angular-compiler]

    src/app/features/symptom-check/symptom-check.ts:120:62:
      120 │ ...AppButton, BodyMap, Card, Chip, FormField, RouterLink, Textarea],
          ╵                                               ~~~~~~~~~~


▲ [WARNING] bundle initial exceeded maximum budget. Budget 620.00 kB was not met by 753.30 kB with a total of 1.37 MB.


▲ [WARNING] src/app/shared/components/organisms/body-map/body-map.css exceeded maximum budget. Budget 4.00 kB was not met by 1.02 kB with a total of 5.02 kB.


▲ [WARNING] src/app/features/dashboard/agenda-de-hoy/agenda-de-hoy.css exceeded maximum budget. Budget 4.00 kB was not met by 2.83 kB with a total of 6.83 kB.


▲ [WARNING] src/app/features/agenda/agenda-create/agenda-create.css exceeded maximum budget. Budget 4.00 kB was not met by 3.24 kB with a total of 7.24 kB.


▲ [WARNING] src/app/shared/components/organisms/auth-stage/auth-stage.css exceeded maximum budget. Budget 4.00 kB was not met by 1.41 kB with a total of 5.41 kB.


▲ [WARNING] src/app/features/laboratory/results/laboratory-results.css exceeded maximum budget. Budget 4.00 kB was not met by 2.93 kB with a total of 6.93 kB.


▲ [WARNING] src/app/features/account/my-profile/medical-articles/article-composer/article-composer.css exceeded maximum budget. Budget 4.00 kB was not met by 356 bytes with a total of 4.36 kB.


▲ [WARNING] src/app/features/glossary/glossary-term.css exceeded maximum budget. Budget 4.00 kB was not met by 1.02 kB with a total of 5.02 kB.


▲ [WARNING] src/app/features/public-profile/public-post-card/public-post-card.css exceeded maximum budget. Budget 4.00 kB was not met by 322 bytes with a total of 4.32 kB.


▲ [WARNING] src/app/features/symptom-check/symptom-check.css exceeded maximum budget. Budget 4.00 kB was not met by 1.60 kB with a total of 5.60 kB.


▲ [WARNING] src/app/shared/components/organisms/date-picker/date-picker.css exceeded maximum budget. Budget 4.00 kB was not met by 3.31 kB with a total of 7.31 kB.


▲ [WARNING] src/app/shared/components/organisms/map/map.css exceeded maximum budget. Budget 4.00 kB was not met by 947 bytes with a total of 4.95 kB.


▲ [WARNING] src/app/features/public-profile/public-profile-card/public-profile-card.css exceeded maximum budget. Budget 4.00 kB was not met by 4.56 kB with a total of 8.56 kB.


▲ [WARNING] src/app/shared/components/organisms/data-table/data-table.css exceeded maximum budget. Budget 4.00 kB was not met by 175 bytes with a total of 4.17 kB.


▲ [WARNING] src/app/features/agenda/my-agenda/day-view/day-view.css exceeded maximum budget. Budget 4.00 kB was not met by 4.18 kB with a total of 8.18 kB.


▲ [WARNING] src/app/features/messaging/messaging.css exceeded maximum budget. Budget 4.00 kB was not met by 1.82 kB with a total of 5.82 kB.


▲ [WARNING] src/app/features/messaging/thread/thread.css exceeded maximum budget. Budget 4.00 kB was not met by 4.83 kB with a total of 8.83 kB.


▲ [WARNING] src/app/features/glossary/glossary.css exceeded maximum budget. Budget 4.00 kB was not met by 2.71 kB with a total of 6.71 kB.


▲ [WARNING] src/app/features/auth/login/login.css exceeded maximum budget. Budget 4.00 kB was not met by 187 bytes with a total of 4.19 kB.


▲ [WARNING] src/app/features/account/appointments/appointment-calendar/appointment-calendar.css exceeded maximum budget. Budget 4.00 kB was not met by 897 bytes with a total of 4.90 kB.


▲ [WARNING] src/app/features/auth/register-practitioner/register-practitioner.css exceeded maximum budget. Budget 4.00 kB was not met by 577 bytes with a total of 4.58 kB.


▲ [WARNING] src/app/features/component-stock/component-stock.css exceeded maximum budget. Budget 4.00 kB was not met by 5.30 kB with a total of 9.30 kB.


▲ [WARNING] src/app/features/account/appointments/appointments.css exceeded maximum budget. Budget 4.00 kB was not met by 75 bytes with a total of 4.08 kB.


▲ [WARNING] src/app/shared/components/organisms/auth-split/auth-split.css exceeded maximum budget. Budget 4.00 kB was not met by 7.35 kB with a total of 11.35 kB.


▲ [WARNING] src/app/features/messaging/thread/thread-capas.css exceeded maximum budget. Budget 4.00 kB was not met by 1.42 kB with a total of 5.42 kB.


▲ [WARNING] src/app/features/clinical-record/patient-chart/follow-up-block/follow-up-block.css exceeded maximum budget. Budget 4.00 kB was not met by 1.28 kB with a total of 5.28 kB.


▲ [WARNING] src/app/features/agenda/agenda.css exceeded maximum budget. Budget 4.00 kB was not met by 277 bytes with a total of 4.28 kB.


▲ [WARNING] src/app/features/messaging/thread/composer/composer.css exceeded maximum budget. Budget 4.00 kB was not met by 1.72 kB with a total of 5.72 kB.


▲ [WARNING] src/app/features/agenda/my-agenda/my-agenda.css exceeded maximum budget. Budget 4.00 kB was not met by 1.11 kB with a total of 5.11 kB.


▲ [WARNING] src/app/features/dashboard/access-tree/access-tree.css exceeded maximum budget. Budget 4.00 kB was not met by 3.15 kB with a total of 7.15 kB.


▲ [WARNING] src/app/features/account/spending/spending.css exceeded maximum budget. Budget 4.00 kB was not met by 3.55 kB with a total of 7.55 kB.


▲ [WARNING] src/app/features/form-builder/form-builder.css exceeded maximum budget. Budget 4.00 kB was not met by 741 bytes with a total of 4.74 kB.


▲ [WARNING] src/app/features/agenda/my-agenda/schedule-grid/schedule-grid.css exceeded maximum budget. Budget 4.00 kB was not met by 1.80 kB with a total of 5.80 kB.


▲ [WARNING] src/app/features/agenda/my-agenda/week-view/week-view.css exceeded maximum budget. Budget 4.00 kB was not met by 1.45 kB with a total of 5.45 kB.


▲ [WARNING] src/app/features/form-builder/field-editor/field-editor.css exceeded maximum budget. Budget 4.00 kB was not met by 2.09 kB with a total of 6.09 kB.


▲ [WARNING] src/app/features/accounting/cockpit/cockpit.css exceeded maximum budget. Budget 4.00 kB was not met by 7.72 kB with a total of 11.72 kB.


▲ [WARNING] src/app/features/account/my-profile/ficha-de-perfil.css exceeded maximum budget. Budget 4.00 kB was not met by 7.93 kB with a total of 11.93 kB.


▲ [WARNING] src/app/features/agenda/my-agenda/month-view/month-view.css exceeded maximum budget. Budget 4.00 kB was not met by 272 bytes with a total of 4.27 kB.


▲ [WARNING] src/app/features/account/my-profile/practitioner-profile-edit/practitioner-profile-edit.css exceeded maximum budget. Budget 4.00 kB was not met by 538 bytes with a total of 4.54 kB.


▲ [WARNING] src/app/shared/components/organisms/tree-select/tree-select.css exceeded maximum budget. Budget 4.00 kB was not met by 1.11 kB with a total of 5.11 kB.


▲ [WARNING] src/app/features/account/my-profile/ficha-de-perfil.css exceeded maximum budget. Budget 4.00 kB was not met by 890 bytes with a total of 4.89 kB.


▲ [WARNING] src/app/features/accounting/resumen/resumen.css exceeded maximum budget. Budget 4.00 kB was not met by 3.94 kB with a total of 7.94 kB.


▲ [WARNING] Module 'axe-core' used by 'src/app/features/component-stock/component-stock.ts' is not ESM

  CommonJS or AMD dependencies can cause optimization bailouts.
  For more information see: https://angular.dev/tools/cli/build#configuring-commonjs-dependencies


▲ [WARNING] Module 'leaflet' used by 'src/app/shared/components/organisms/map/map.ts' is not ESM

  CommonJS or AMD dependencies can cause optimization bailouts.
  For more information see: https://angular.dev/tools/cli/build#configuring-commonjs-dependencies


▲ [WARNING] Module 'jspdf' used by 'src/app/shared/utils/pdf-export/pdf-export.ts' is not ESM

  CommonJS or AMD dependencies can cause optimization bailouts.
  For more information see: https://angular.dev/tools/cli/build#configuring-commonjs-dependencies


▲ [WARNING] Module 'core-js/modules/es.promise.js' used by 'node_modules/canvg/lib/index.es.js' is not ESM

  CommonJS or AMD dependencies can cause optimization bailouts.
  For more information see: https://angular.dev/tools/cli/build#configuring-commonjs-dependencies


▲ [WARNING] Module 'core-js/modules/es.string.match.js' used by 'node_modules/canvg/lib/index.es.js' is not ESM

  CommonJS or AMD dependencies can cause optimization bailouts.
  For more information see: https://angular.dev/tools/cli/build#configuring-commonjs-dependencies


▲ [WARNING] Module 'core-js/modules/es.string.replace.js' used by 'node_modules/canvg/lib/index.es.js' is not ESM

  CommonJS or AMD dependencies can cause optimization bailouts.
  For more information see: https://angular.dev/tools/cli/build#configuring-commonjs-dependencies


▲ [WARNING] Module 'core-js/modules/es.string.starts-with.js' used by 'node_modules/canvg/lib/index.es.js' is not ESM

  CommonJS or AMD dependencies can cause optimization bailouts.
  For more information see: https://angular.dev/tools/cli/build#configuring-commonjs-dependencies


▲ [WARNING] Module 'core-js/modules/es.array.iterator.js' used by 'node_modules/canvg/lib/index.es.js' is not ESM

  CommonJS or AMD dependencies can cause optimization bailouts.
  For more information see: https://angular.dev/tools/cli/build#configuring-commonjs-dependencies


▲ [WARNING] Module 'core-js/modules/web.dom-collections.iterator.js' used by 'node_modules/canvg/lib/index.es.js' is not ESM

  CommonJS or AMD dependencies can cause optimization bailouts.
  For more information see: https://angular.dev/tools/cli/build#configuring-commonjs-dependencies


▲ [WARNING] Module 'core-js/modules/es.array.reduce.js' used by 'node_modules/canvg/lib/index.es.js' is not ESM

  CommonJS or AMD dependencies can cause optimization bailouts.
  For more information see: https://angular.dev/tools/cli/build#configuring-commonjs-dependencies


▲ [WARNING] Module 'core-js/modules/es.string.ends-with.js' used by 'node_modules/canvg/lib/index.es.js' is not ESM

  CommonJS or AMD dependencies can cause optimization bailouts.
  For more information see: https://angular.dev/tools/cli/build#configuring-commonjs-dependencies


▲ [WARNING] Module 'core-js/modules/es.string.split.js' used by 'node_modules/canvg/lib/index.es.js' is not ESM

  CommonJS or AMD dependencies can cause optimization bailouts.
  For more information see: https://angular.dev/tools/cli/build#configuring-commonjs-dependencies


▲ [WARNING] Module 'raf' used by 'node_modules/canvg/lib/index.es.js' is not ESM

  CommonJS or AMD dependencies can cause optimization bailouts.
  For more information see: https://angular.dev/tools/cli/build#configuring-commonjs-dependencies


▲ [WARNING] Module 'core-js/modules/es.string.trim.js' used by 'node_modules/canvg/lib/index.es.js' is not ESM

  CommonJS or AMD dependencies can cause optimization bailouts.
  For more information see: https://angular.dev/tools/cli/build#configuring-commonjs-dependencies


▲ [WARNING] Module 'rgbcolor' used by 'node_modules/canvg/lib/index.es.js' is not ESM

  CommonJS or AMD dependencies can cause optimization bailouts.
  For more information see: https://angular.dev/tools/cli/build#configuring-commonjs-dependencies


▲ [WARNING] Module 'core-js/modules/es.array.index-of.js' used by 'node_modules/canvg/lib/index.es.js' is not ESM

  CommonJS or AMD dependencies can cause optimization bailouts.
  For more information see: https://angular.dev/tools/cli/build#configuring-commonjs-dependencies


▲ [WARNING] Module 'core-js/modules/es.string.includes.js' used by 'node_modules/canvg/lib/index.es.js' is not ESM

  CommonJS or AMD dependencies can cause optimization bailouts.
  For more information see: https://angular.dev/tools/cli/build#configuring-commonjs-dependencies


▲ [WARNING] Module 'core-js/modules/es.array.reverse.js' used by 'node_modules/canvg/lib/index.es.js' is not ESM

  CommonJS or AMD dependencies can cause optimization bailouts.
  For more information see: https://angular.dev/tools/cli/build#configuring-commonjs-dependencies


▲ [WARNING] Module 'core-js/modules/es.regexp.to-string.js' used by 'node_modules/canvg/lib/index.es.js' is not ESM

  CommonJS or AMD dependencies can cause optimization bailouts.
  For more information see: https://angular.dev/tools/cli/build#configuring-commonjs-dependencies


▲ [WARNING] Module 'qrcode' used by 'src/app/shared/utils/qr/dibujar-qr.ts' is not ESM

  CommonJS or AMD dependencies can cause optimization bailouts.
  For more information see: https://angular.dev/tools/cli/build#configuring-commonjs-dependencies


▲ [WARNING] Module 'dijkstrajs' used by 'node_modules/qrcode/lib/core/segments.js' is not ESM

  CommonJS or AMD dependencies can cause optimization bailouts.
  For more information see: https://angular.dev/tools/cli/build#configuring-commonjs-dependencies


▲ [WARNING] Module 'pngjs' used by 'node_modules/qrcode/lib/renderer/png.js' is not ESM

  CommonJS or AMD dependencies can cause optimization bailouts.
  For more information see: https://angular.dev/tools/cli/build#configuring-commonjs-dependencies


▲ [WARNING] Module 'debug' used by 'node_modules/socket.io-client/build/esm-debug/index.js' is not ESM

  CommonJS or AMD dependencies can cause optimization bailouts.
  For more information see: https://angular.dev/tools/cli/build#configuring-commonjs-dependencies


▲ [WARNING] Module 'xmlhttprequest-ssl' used by 'node_modules/engine.io-client/build/esm-debug/transports/polling-xhr.node.js' is not ESM

  CommonJS or AMD dependencies can cause optimization bailouts.
  For more information see: https://angular.dev/tools/cli/build#configuring-commonjs-dependencies


Output location: /app/dist/mantra-core-health

